<?xml version='1.0' encoding='UTF-8'?>
<dataset>
  <person id="1" firstname="firstname4" lastname="lastname4"/>
</dataset>
